Archive member included to satisfy reference by file (symbol)

c:/st/stm32cubeide_1.9.0/stm32cubeide/plugins/com.st.stm32cube.ide.mcu.externaltools.gnu-tools-for-stm32.10.3-2021.10.win32_1.0.0.202111181127/tools/bin/../lib/gcc/arm-none-eabi/10.3.1/../../../../arm-none-eabi/lib/thumb/v7e-m+fp/hard\libc_nano.a(lib_a-errno.o)
                              ./Core/Src/syscalls.o (__errno)
c:/st/stm32cubeide_1.9.0/stm32cubeide/plugins/com.st.stm32cube.ide.mcu.externaltools.gnu-tools-for-stm32.10.3-2021.10.win32_1.0.0.202111181127/tools/bin/../lib/gcc/arm-none-eabi/10.3.1/../../../../arm-none-eabi/lib/thumb/v7e-m+fp/hard\libc_nano.a(lib_a-exit.o)
                              c:/st/stm32cubeide_1.9.0/stm32cubeide/plugins/com.st.stm32cube.ide.mcu.externaltools.gnu-tools-for-stm32.10.3-2021.10.win32_1.0.0.202111181127/tools/bin/../lib/gcc/arm-none-eabi/10.3.1/../../../../arm-none-eabi/lib/thumb/v7e-m+fp/hard/crt0.o (exit)
c:/st/stm32cubeide_1.9.0/stm32cubeide/plugins/com.st.stm32cube.ide.mcu.externaltools.gnu-tools-for-stm32.10.3-2021.10.win32_1.0.0.202111181127/tools/bin/../lib/gcc/arm-none-eabi/10.3.1/../../../../arm-none-eabi/lib/thumb/v7e-m+fp/hard\libc_nano.a(lib_a-impure.o)
                              c:/st/stm32cubeide_1.9.0/stm32cubeide/plugins/com.st.stm32cube.ide.mcu.externaltools.gnu-tools-for-stm32.10.3-2021.10.win32_1.0.0.202111181127/tools/bin/../lib/gcc/arm-none-eabi/10.3.1/../../../../arm-none-eabi/lib/thumb/v7e-m+fp/hard\libc_nano.a(lib_a-exit.o) (_global_impure_ptr)
c:/st/stm32cubeide_1.9.0/stm32cubeide/plugins/com.st.stm32cube.ide.mcu.externaltools.gnu-tools-for-stm32.10.3-2021.10.win32_1.0.0.202111181127/tools/bin/../lib/gcc/arm-none-eabi/10.3.1/../../../../arm-none-eabi/lib/thumb/v7e-m+fp/hard\libc_nano.a(lib_a-init.o)
                              c:/st/stm32cubeide_1.9.0/stm32cubeide/plugins/com.st.stm32cube.ide.mcu.externaltools.gnu-tools-for-stm32.10.3-2021.10.win32_1.0.0.202111181127/tools/bin/../lib/gcc/arm-none-eabi/10.3.1/../../../../arm-none-eabi/lib/thumb/v7e-m+fp/hard/crt0.o (__libc_init_array)
c:/st/stm32cubeide_1.9.0/stm32cubeide/plugins/com.st.stm32cube.ide.mcu.externaltools.gnu-tools-for-stm32.10.3-2021.10.win32_1.0.0.202111181127/tools/bin/../lib/gcc/arm-none-eabi/10.3.1/../../../../arm-none-eabi/lib/thumb/v7e-m+fp/hard\libc_nano.a(lib_a-memset.o)
                              c:/st/stm32cubeide_1.9.0/stm32cubeide/plugins/com.st.stm32cube.ide.mcu.externaltools.gnu-tools-for-stm32.10.3-2021.10.win32_1.0.0.202111181127/tools/bin/../lib/gcc/arm-none-eabi/10.3.1/../../../../arm-none-eabi/lib/thumb/v7e-m+fp/hard/crt0.o (memset)

Discarded input sections

 .text          0x0000000000000000        0x0 c:/st/stm32cubeide_1.9.0/stm32cubeide/plugins/com.st.stm32cube.ide.mcu.externaltools.gnu-tools-for-stm32.10.3-2021.10.win32_1.0.0.202111181127/tools/bin/../lib/gcc/arm-none-eabi/10.3.1/thumb/v7e-m+fp/hard/crti.o
 .data          0x0000000000000000        0x0 c:/st/stm32cubeide_1.9.0/stm32cubeide/plugins/com.st.stm32cube.ide.mcu.externaltools.gnu-tools-for-stm32.10.3-2021.10.win32_1.0.0.202111181127/tools/bin/../lib/gcc/arm-none-eabi/10.3.1/thumb/v7e-m+fp/hard/crti.o
 .bss           0x0000000000000000        0x0 c:/st/stm32cubeide_1.9.0/stm32cubeide/plugins/com.st.stm32cube.ide.mcu.externaltools.gnu-tools-for-stm32.10.3-2021.10.win32_1.0.0.202111181127/tools/bin/../lib/gcc/arm-none-eabi/10.3.1/thumb/v7e-m+fp/hard/crti.o
 .data          0x0000000000000000        0x4 c:/st/stm32cubeide_1.9.0/stm32cubeide/plugins/com.st.stm32cube.ide.mcu.externaltools.gnu-tools-for-stm32.10.3-2021.10.win32_1.0.0.202111181127/tools/bin/../lib/gcc/arm-none-eabi/10.3.1/thumb/v7e-m+fp/hard/crtbegin.o
 .rodata        0x0000000000000000       0x24 c:/st/stm32cubeide_1.9.0/stm32cubeide/plugins/com.st.stm32cube.ide.mcu.externaltools.gnu-tools-for-stm32.10.3-2021.10.win32_1.0.0.202111181127/tools/bin/../lib/gcc/arm-none-eabi/10.3.1/thumb/v7e-m+fp/hard/crtbegin.o
 .text          0x0000000000000000       0x7c c:/st/stm32cubeide_1.9.0/stm32cubeide/plugins/com.st.stm32cube.ide.mcu.externaltools.gnu-tools-for-stm32.10.3-2021.10.win32_1.0.0.202111181127/tools/bin/../lib/gcc/arm-none-eabi/10.3.1/../../../../arm-none-eabi/lib/thumb/v7e-m+fp/hard/crt0.o
 .data          0x0000000000000000        0x0 c:/st/stm32cubeide_1.9.0/stm32cubeide/plugins/com.st.stm32cube.ide.mcu.externaltools.gnu-tools-for-stm32.10.3-2021.10.win32_1.0.0.202111181127/tools/bin/../lib/gcc/arm-none-eabi/10.3.1/../../../../arm-none-eabi/lib/thumb/v7e-m+fp/hard/crt0.o
 .bss           0x0000000000000000        0x0 c:/st/stm32cubeide_1.9.0/stm32cubeide/plugins/com.st.stm32cube.ide.mcu.externaltools.gnu-tools-for-stm32.10.3-2021.10.win32_1.0.0.202111181127/tools/bin/../lib/gcc/arm-none-eabi/10.3.1/../../../../arm-none-eabi/lib/thumb/v7e-m+fp/hard/crt0.o
[...]
Memory Configuration

Name             Origin             Length             Attributes
RAM              0x0000000020000000 0x0000000000050000 xrw
RAM2             0x0000000010000000 0x0000000000010000 xrw
FLASH            0x0000000008000000 0x0000000000100000 xr
*default*        0x0000000000000000 0xffffffffffffffff

Linker script and memory map

LOAD c:/st/stm32cubeide_1.9.0/stm32cubeide/plugins/com.st.stm32cube.ide.mcu.externaltools.gnu-tools-for-stm32.10.3-2021.10.win32_1.0.0.202111181127/tools/bin/../lib/gcc/arm-none-eabi/10.3.1/thumb/v7e-m+fp/hard/crti.o
LOAD c:/st/stm32cubeide_1.9.0/stm32cubeide/plugins/com.st.stm32cube.ide.mcu.externaltools.gnu-tools-for-stm32.10.3-2021.10.win32_1.0.0.202111181127/tools/bin/../lib/gcc/arm-none-eabi/10.3.1/thumb/v7e-m+fp/hard/crtbegin.o
LOAD c:/st/stm32cubeide_1.9.0/stm32cubeide/plugins/com.st.stm32cube.ide.mcu.externaltools.gnu-tools-for-stm32.10.3-2021.10.win32_1.0.0.202111181127/tools/bin/../lib/gcc/arm-none-eabi/10.3.1/../../../../arm-none-eabi/lib/thumb/v7e-m+fp/hard/crt0.o
LOAD ./Core/BSP/mfxstm32l152.o
LOAD ./Core/BSP/stm32l496g_discovery.o
LOAD ./Core/BSP/stm32l496g_discovery_io.o
LOAD ./Core/Src/main.o
LOAD ./Core/Src/stm32l4xx_hal_msp.o
LOAD ./Core/Src/stm32l4xx_it.o
LOAD ./Core/Src/syscalls.o
LOAD ./Core/Src/sysmem.o
LOAD ./Core/Src/system_stm32l4xx.o
LOAD ./Core/Startup/startup_stm32l496agix.o
LOAD ./Drivers/STM32L4xx_HAL_Driver/Src/stm32l4xx_hal.o
LOAD ./Drivers/STM32L4xx_HAL_Driver/Src/stm32l4xx_hal_cortex.o
LOAD ./Drivers/STM32L4xx_HAL_Driver/Src/stm32l4xx_hal_dma.o
LOAD ./Drivers/STM32L4xx_HAL_Driver/Src/stm32l4xx_hal_dma_ex.o
LOAD ./Drivers/STM32L4xx_HAL_Driver/Src/stm32l4xx_hal_exti.o
LOAD ./Drivers/STM32L4xx_HAL_Driver/Src/stm32l4xx_hal_flash.o
LOAD ./Drivers/STM32L4xx_HAL_Driver/Src/stm32l4xx_hal_flash_ex.o
LOAD ./Drivers/STM32L4xx_HAL_Driver/Src/stm32l4xx_hal_flash_ramfunc.o
LOAD ./Drivers/STM32L4xx_HAL_Driver/Src/stm32l4xx_hal_gpio.o
LOAD ./Drivers/STM32L4xx_HAL_Driver/Src/stm32l4xx_hal_i2c.o
LOAD ./Drivers/STM32L4xx_HAL_Driver/Src/stm32l4xx_hal_i2c_ex.o
LOAD ./Drivers/STM32L4xx_HAL_Driver/Src/stm32l4xx_hal_pwr.o
LOAD ./Drivers/STM32L4xx_HAL_Driver/Src/stm32l4xx_hal_pwr_ex.o
LOAD ./Drivers/STM32L4xx_HAL_Driver/Src/stm32l4xx_hal_rcc.o
LOAD ./Drivers/STM32L4xx_HAL_Driver/Src/stm32l4xx_hal_rcc_ex.o
LOAD ./Drivers/STM32L4xx_HAL_Driver/Src/stm32l4xx_hal_tim.o
LOAD ./Drivers/STM32L4xx_HAL_Driver/Src/stm32l4xx_hal_tim_ex.o
START GROUP
LOAD c:/st/stm32cubeide_1.9.0/stm32cubeide/plugins/com.st.stm32cube.ide.mcu.externaltools.gnu-tools-for-stm32.10.3-2021.10.win32_1.0.0.202111181127/tools/bin/../lib/gcc/arm-none-eabi/10.3.1/../../../../arm-none-eabi/lib/thumb/v7e-m+fp/hard\libc_nano.a
LOAD c:/st/stm32cubeide_1.9.0/stm32cubeide/plugins/com.st.stm32cube.ide.mcu.externaltools.gnu-tools-for-stm32.10.3-2021.10.win32_1.0.0.202111181127/tools/bin/../lib/gcc/arm-none-eabi/10.3.1/../../../../arm-none-eabi/lib/thumb/v7e-m+fp/hard\libm.a
END GROUP
START GROUP
LOAD c:/st/stm32cubeide_1.9.0/stm32cubeide/plugins/com.st.stm32cube.ide.mcu.externaltools.gnu-tools-for-stm32.10.3-2021.10.win32_1.0.0.202111181127/tools/bin/../lib/gcc/arm-none-eabi/10.3.1/thumb/v7e-m+fp/hard\libgcc.a
LOAD c:/st/stm32cubeide_1.9.0/stm32cubeide/plugins/com.st.stm32cube.ide.mcu.externaltools.gnu-tools-for-stm32.10.3-2021.10.win32_1.0.0.202111181127/tools/bin/../lib/gcc/arm-none-eabi/10.3.1/../../../../arm-none-eabi/lib/thumb/v7e-m+fp/hard\libc_nano.a
END GROUP
START GROUP
LOAD c:/st/stm32cubeide_1.9.0/stm32cubeide/plugins/com.st.stm32cube.ide.mcu.externaltools.gnu-tools-for-stm32.10.3-2021.10.win32_1.0.0.202111181127/tools/bin/../lib/gcc/arm-none-eabi/10.3.1/thumb/v7e-m+fp/hard\libgcc.a
LOAD c:/st/stm32cubeide_1.9.0/stm32cubeide/plugins/com.st.stm32cube.ide.mcu.externaltools.gnu-tools-for-stm32.10.3-2021.10.win32_1.0.0.202111181127/tools/bin/../lib/gcc/arm-none-eabi/10.3.1/../../../../arm-none-eabi/lib/thumb/v7e-m+fp/hard\libc_nano.a
LOAD c:/st/stm32cubeide_1.9.0/stm32cubeide/plugins/com.st.stm32cube.ide.mcu.externaltools.gnu-tools-for-stm32.10.3-2021.10.win32_1.0.0.202111181127/tools/bin/../lib/gcc/arm-none-eabi/10.3.1/../../../../arm-none-eabi/lib/thumb/v7e-m+fp/hard\libnosys.a
END GROUP
START GROUP
LOAD c:/st/stm32cubeide_1.9.0/stm32cubeide/plugins/com.st.stm32cube.ide.mcu.externaltools.gnu-tools-for-stm32.10.3-2021.10.win32_1.0.0.202111181127/tools/bin/../lib/gcc/arm-none-eabi/10.3.1/thumb/v7e-m+fp/hard\libgcc.a
LOAD c:/st/stm32cubeide_1.9.0/stm32cubeide/plugins/com.st.stm32cube.ide.mcu.externaltools.gnu-tools-for-stm32.10.3-2021.10.win32_1.0.0.202111181127/tools/bin/../lib/gcc/arm-none-eabi/10.3.1/../../../../arm-none-eabi/lib/thumb/v7e-m+fp/hard\libc_nano.a
LOAD c:/st/stm32cubeide_1.9.0/stm32cubeide/plugins/com.st.stm32cube.ide.mcu.externaltools.gnu-tools-for-stm32.10.3-2021.10.win32_1.0.0.202111181127/tools/bin/../lib/gcc/arm-none-eabi/10.3.1/../../../../arm-none-eabi/lib/thumb/v7e-m+fp/hard\libnosys.a
END GROUP
LOAD c:/st/stm32cubeide_1.9.0/stm32cubeide/plugins/com.st.stm32cube.ide.mcu.externaltools.gnu-tools-for-stm32.10.3-2021.10.win32_1.0.0.202111181127/tools/bin/../lib/gcc/arm-none-eabi/10.3.1/thumb/v7e-m+fp/hard/crtend.o
LOAD c:/st/stm32cubeide_1.9.0/stm32cubeide/plugins/com.st.stm32cube.ide.mcu.externaltools.gnu-tools-for-stm32.10.3-2021.10.win32_1.0.0.202111181127/tools/bin/../lib/gcc/arm-none-eabi/10.3.1/thumb/v7e-m+fp/hard/crtn.o
                0x0000000020050000                _estack = (ORIGIN (RAM) + LENGTH (RAM))
                0x0000000000000200                _Min_Heap_Size = 0x200
                0x0000000000000400                _Min_Stack_Size = 0x400

.isr_vector     0x0000000008000000      0x1ac
                0x0000000008000000                . = ALIGN (0x4)
 *(.isr_vector)
 .isr_vector    0x0000000008000000      0x1ac ./Core/Startup/startup_stm32l496agix.o
                0x0000000008000000                g_pfnVectors
                0x00000000080001ac                . = ALIGN (0x4)

.text           0x00000000080001ac     0x4804
                0x00000000080001ac                . = ALIGN (0x4)
 *(.text)
 .text          0x00000000080001ac       0x40 c:/st/stm32cubeide_1.9.0/stm32cubeide/plugins/com.st.stm32cube.ide.mcu.externaltools.gnu-tools-for-stm32.10.3-2021.10.win32_1.0.0.202111181127/tools/bin/../lib/gcc/arm-none-eabi/10.3.1/thumb/v7e-m+fp/hard/crtbegin.o
 *(.text*)
 .text.mfxstm32l152_Init
                0x00000000080001ec       0x5c ./Core/BSP/mfxstm32l152.o
                0x00000000080001ec                mfxstm32l152_Init
 .text.mfxstm32l152_DeInit
                0x0000000008000248       0x28 ./Core/BSP/mfxstm32l152.o
                0x0000000008000248                mfxstm32l152_DeInit
 .text.mfxstm32l152_Reset
                0x0000000008000270       0x24 ./Core/BSP/mfxstm32l152.o
                0x0000000008000270                mfxstm32l152_Reset
 .text.mfxstm32l152_LowPower
                0x0000000008000294       0x22 ./Core/BSP/mfxstm32l152.o
                0x0000000008000294                mfxstm32l152_LowPower
 .text.mfxstm32l152_WakeUp
                0x00000000080002b6       0x2c ./Core/BSP/mfxstm32l152.o
                0x00000000080002b6                mfxstm32l152_WakeUp
 .text.mfxstm32l152_ReadID
                0x00000000080002e2       0x2e ./Core/BSP/mfxstm32l152.o
                0x00000000080002e2                mfxstm32l152_ReadID
 .text.mfxstm32l152_EnableITSource
                0x0000000008000310       0x3e ./Core/BSP/mfxstm32l152.o
                0x0000000008000310                mfxstm32l152_EnableITSource
 .text.mfxstm32l152_DisableITSource
                0x000000000800034e       0x48 ./Core/BSP/mfxstm32l152.o
                0x000000000800034e                mfxstm32l152_DisableITSource
 .text.mfxstm32l152_GlobalITStatus
                0x0000000008000396       0x2c ./Core/BSP/mfxstm32l152.o
                0x0000000008000396                mfxstm32l152_GlobalITStatus
 .text.mfxstm32l152_ClearGlobalIT
                0x00000000080003c2       0x24 ./Core/BSP/mfxstm32l152.o
                0x00000000080003c2                mfxstm32l152_ClearGlobalIT
 .text.mfxstm32l152_SetIrqOutPinPolarity
                0x00000000080003e6       0x4c ./Core/BSP/mfxstm32l152.o
                0x00000000080003e6                mfxstm32l152_SetIrqOutPinPolarity
 .text.mfxstm32l152_SetIrqOutPinType
                0x0000000008000432       0x4c ./Core/BSP/mfxstm32l152.o
                0x0000000008000432                mfxstm32l152_SetIrqOutPinType
 .text.mfxstm32l152_IO_Start
                0x000000000800047e       0x56 ./Core/BSP/mfxstm32l152.o
                0x000000000800047e                mfxstm32l152_IO_Start
 .text.mfxstm32l152_IO_Config
                0x00000000080004d4      0x5d4 ./Core/BSP/mfxstm32l152.o
                0x00000000080004d4                mfxstm32l152_IO_Config
 .text.mfxstm32l152_IO_InitPin
                0x0000000008000aa8       0x24 ./Core/BSP/mfxstm32l152.o
                0x0000000008000aa8                mfxstm32l152_IO_InitPin
 .text.mfxstm32l152_IO_SetIrqEvtMode
                0x0000000008000acc       0x2a ./Core/BSP/mfxstm32l152.o
                0x0000000008000acc                mfxstm32l152_IO_SetIrqEvtMode
 .text.mfxstm32l152_IO_SetIrqTypeMode
                0x0000000008000af6       0x2a ./Core/BSP/mfxstm32l152.o
                0x0000000008000af6                mfxstm32l152_IO_SetIrqTypeMode
 .text.mfxstm32l152_IO_WritePin
                0x0000000008000b20       0x38 ./Core/BSP/mfxstm32l152.o
                0x0000000008000b20                mfxstm32l152_IO_WritePin
 .text.mfxstm32l152_IO_ReadPin
                0x0000000008000b58       0x7c ./Core/BSP/mfxstm32l152.o
                0x0000000008000b58                mfxstm32l152_IO_ReadPin
 .text.mfxstm32l152_IO_EnableIT
                0x0000000008000bd4       0x20 ./Core/BSP/mfxstm32l152.o
                0x0000000008000bd4                mfxstm32l152_IO_EnableIT
 .text.mfxstm32l152_IO_DisableIT
                0x0000000008000bf4       0x1c ./Core/BSP/mfxstm32l152.o
                0x0000000008000bf4                mfxstm32l152_IO_DisableIT
 .text.mfxstm32l152_IO_EnablePinIT
                0x0000000008000c10       0x20 ./Core/BSP/mfxstm32l152.o
                0x0000000008000c10                mfxstm32l152_IO_EnablePinIT
 .text.mfxstm32l152_IO_DisablePinIT
                0x0000000008000c30       0x20 ./Core/BSP/mfxstm32l152.o
                0x0000000008000c30                mfxstm32l152_IO_DisablePinIT
 .text.mfxstm32l152_IO_ITStatus
                0x0000000008000c50       0x82 ./Core/BSP/mfxstm32l152.o
                0x0000000008000c50                mfxstm32l152_IO_ITStatus
 .text.mfxstm32l152_IO_ClearIT
                0x0000000008000cd2       0x5a ./Core/BSP/mfxstm32l152.o
                0x0000000008000cd2                mfxstm32l152_IO_ClearIT
 .text.mfxstm32l152_IDD_Start
                0x0000000008000d2c       0x40 ./Core/BSP/mfxstm32l152.o
                0x0000000008000d2c                mfxstm32l152_IDD_Start
 .text.mfxstm32l152_IDD_Config
                0x0000000008000d6c      0x2ca ./Core/BSP/mfxstm32l152.o
                0x0000000008000d6c                mfxstm32l152_IDD_Config
 .text.mfxstm32l152_IDD_GetValue
                0x0000000008001036       0x3a ./Core/BSP/mfxstm32l152.o
                0x0000000008001036                mfxstm32l152_IDD_GetValue
 .text.mfxstm32l152_IDD_EnableIT
                0x0000000008001070       0x20 ./Core/BSP/mfxstm32l152.o
                0x0000000008001070                mfxstm32l152_IDD_EnableIT
 .text.mfxstm32l152_IDD_ClearIT
                0x0000000008001090       0x1c ./Core/BSP/mfxstm32l152.o
                0x0000000008001090                mfxstm32l152_IDD_ClearIT
 .text.mfxstm32l152_IDD_GetITStatus
                0x00000000080010ac       0x1e ./Core/BSP/mfxstm32l152.o
                0x00000000080010ac                mfxstm32l152_IDD_GetITStatus
 .text.mfxstm32l152_IDD_DisableIT
                0x00000000080010ca       0x1c ./Core/BSP/mfxstm32l152.o
                0x00000000080010ca                mfxstm32l152_IDD_DisableIT
 .text.mfxstm32l152_Error_ReadSrc
                0x00000000080010e6       0x22 ./Core/BSP/mfxstm32l152.o
                0x00000000080010e6                mfxstm32l152_Error_ReadSrc
 .text.mfxstm32l152_Error_ReadMsg
                0x0000000008001108       0x22 ./Core/BSP/mfxstm32l152.o
                0x0000000008001108                mfxstm32l152_Error_ReadMsg
 .text.mfxstm32l152_Error_EnableIT
                0x000000000800112a       0x20 ./Core/BSP/mfxstm32l152.o
                0x000000000800112a                mfxstm32l152_Error_EnableIT
 .text.mfxstm32l152_Error_ClearIT
                0x000000000800114a       0x1c ./Core/BSP/mfxstm32l152.o
                0x000000000800114a                mfxstm32l152_Error_ClearIT
 .text.mfxstm32l152_Error_GetITStatus
                0x0000000008001166       0x1e ./Core/BSP/mfxstm32l152.o
                0x0000000008001166                mfxstm32l152_Error_GetITStatus
 .text.mfxstm32l152_Error_DisableIT
                0x0000000008001184       0x1c ./Core/BSP/mfxstm32l152.o
                0x0000000008001184                mfxstm32l152_Error_DisableIT
 .text.mfxstm32l152_GetInstance
                0x00000000080011a0       0x40 ./Core/BSP/mfxstm32l152.o
 .text.mfxstm32l152_ReleaseInstance
                0x00000000080011e0       0x48 ./Core/BSP/mfxstm32l152.o
 .text.mfxstm32l152_reg24_setPinValue
                0x0000000008001228      0x10e ./Core/BSP/mfxstm32l152.o
 .text.BSP_ErrorHandler
                0x0000000008001336        0x6 ./Core/BSP/stm32l496g_discovery.o
                0x0000000008001336                BSP_ErrorHandler
 .text.BSP_LED_Init
                0x000000000800133c       0x9c ./Core/BSP/stm32l496g_discovery.o
                0x000000000800133c                BSP_LED_Init
 .text.I2C2_Init
                0x00000000080013d8       0x5c ./Core/BSP/stm32l496g_discovery.o
                0x00000000080013d8                I2C2_Init
 .text.I2C2_MspInit
                0x0000000008001434       0xfc ./Core/BSP/stm32l496g_discovery.o
 .text.I2C2_DeInit
                0x0000000008001530       0x24 ./Core/BSP/stm32l496g_discovery.o
                0x0000000008001530                I2C2_DeInit
 .text.I2C2_MspDeInit
                0x0000000008001554       0x9c ./Core/BSP/stm32l496g_discovery.o
 .text.I2C2_WriteData
                0x00000000080015f0       0x64 ./Core/BSP/stm32l496g_discovery.o
 .text.I2C2_ReadData
                0x0000000008001654       0x68 ./Core/BSP/stm32l496g_discovery.o
 .text.I2C2_isDeviceReady
                0x00000000080016bc       0x4c ./Core/BSP/stm32l496g_discovery.o
 .text.I2C2_ReadBuffer
                0x0000000008001708       0x5c ./Core/BSP/stm32l496g_discovery.o
 .text.I2C2_Error
                0x0000000008001764       0x1c ./Core/BSP/stm32l496g_discovery.o
 .text.MFX_IO_Init
                0x0000000008001780       0x1e ./Core/BSP/stm32l496g_discovery.o
                0x0000000008001780                MFX_IO_Init
 *fill*         0x000000000800179e        0x2 
 .text.MFX_IO_DeInit
                0x00000000080017a0       0x78 ./Core/BSP/stm32l496g_discovery.o
                0x00000000080017a0                MFX_IO_DeInit
 .text.MFX_IO_ITConfig
                0x0000000008001818       0x5c ./Core/BSP/stm32l496g_discovery.o
                0x0000000008001818                MFX_IO_ITConfig
 .text.MFX_IO_EnableWakeupPin
                0x0000000008001874       0x48 ./Core/BSP/stm32l496g_discovery.o
                0x0000000008001874                MFX_IO_EnableWakeupPin
 .text.MFX_IO_Wakeup
                0x00000000080018bc       0x28 ./Core/BSP/stm32l496g_discovery.o
                0x00000000080018bc                MFX_IO_Wakeup
 .text.MFX_IO_Write
                0x00000000080018e4       0x28 ./Core/BSP/stm32l496g_discovery.o
                0x00000000080018e4                MFX_IO_Write
 .text.MFX_IO_Read
                0x000000000800190c       0x28 ./Core/BSP/stm32l496g_discovery.o
                0x000000000800190c                MFX_IO_Read
 .text.MFX_IO_ReadMultiple
                0x0000000008001934       0x34 ./Core/BSP/stm32l496g_discovery.o
                0x0000000008001934                MFX_IO_ReadMultiple
 .text.MFX_IO_Delay
                0x0000000008001968       0x16 ./Core/BSP/stm32l496g_discovery.o
                0x0000000008001968                MFX_IO_Delay
 *fill*         0x000000000800197e        0x2 
 .text.BSP_IO_Init
                0x0000000008001980       0x88 ./Core/BSP/stm32l496g_discovery_io.o
                0x0000000008001980                BSP_IO_Init
 .text.BSP_IO_ConfigPin
                0x0000000008001a08       0x38 ./Core/BSP/stm32l496g_discovery_io.o
                0x0000000008001a08                BSP_IO_ConfigPin
 .text.BSP_IO_WritePin
                0x0000000008001a40       0x38 ./Core/BSP/stm32l496g_discovery_io.o
                0x0000000008001a40                BSP_IO_WritePin
 .text.main     0x0000000008001a78       0x34 ./Core/Src/main.o
                0x0000000008001a78                main
 .text.SystemClock_Config
                0x0000000008001aac       0xa4 ./Core/Src/main.o
                0x0000000008001aac                SystemClock_Config
 .text.Error_Handler
                0x0000000008001b50        0xa ./Core/Src/main.o
                0x0000000008001b50                Error_Handler
 *fill*         0x0000000008001b5a        0x2 
 .text.HAL_MspInit
                0x0000000008001b5c       0x48 ./Core/Src/stm32l4xx_hal_msp.o
                0x0000000008001b5c                HAL_MspInit
 .text.NMI_Handler
                0x0000000008001ba4        0x6 ./Core/Src/stm32l4xx_it.o
                0x0000000008001ba4                NMI_Handler
 .text.HardFault_Handler
                0x0000000008001baa        0x6 ./Core/Src/stm32l4xx_it.o
                0x0000000008001baa                HardFault_Handler
 .text.MemManage_Handler
                0x0000000008001bb0        0x6 ./Core/Src/stm32l4xx_it.o
                0x0000000008001bb0                MemManage_Handler
 .text.BusFault_Handler
                0x0000000008001bb6        0x6 ./Core/Src/stm32l4xx_it.o
                0x0000000008001bb6                BusFault_Handler
 .text.UsageFault_Handler
                0x0000000008001bbc        0x6 ./Core/Src/stm32l4xx_it.o
                0x0000000008001bbc                UsageFault_Handler
 .text.SVC_Handler
                0x0000000008001bc2        0xe ./Core/Src/stm32l4xx_it.o
                0x0000000008001bc2                SVC_Handler
 .text.DebugMon_Handler
                0x0000000008001bd0        0xe ./Core/Src/stm32l4xx_it.o
                0x0000000008001bd0                DebugMon_Handler
 .text.PendSV_Handler
                0x0000000008001bde        0xe ./Core/Src/stm32l4xx_it.o
                0x0000000008001bde                PendSV_Handler
 .text.SysTick_Handler
                0x0000000008001bec        0xc ./Core/Src/stm32l4xx_it.o
                0x0000000008001bec                SysTick_Handler
 .text.SystemInit
                0x0000000008001bf8       0x24 ./Core/Src/system_stm32l4xx.o
                0x0000000008001bf8                SystemInit
 .text.Reset_Handler
                0x0000000008001c1c       0x50 ./Core/Startup/startup_stm32l496agix.o
                0x0000000008001c1c                Reset_Handler
 .text.Default_Handler
                0x0000000008001c6c        0x2 ./Core/Startup/startup_stm32l496agix.o
                0x0000000008001c6c                RTC_Alarm_IRQHandler
                0x0000000008001c6c                EXTI2_IRQHandler
                0x0000000008001c6c                TIM8_TRG_COM_IRQHandler
                0x0000000008001c6c                TIM8_CC_IRQHandler
                0x0000000008001c6c                TIM1_CC_IRQHandler
                0x0000000008001c6c                TSC_IRQHandler
                0x0000000008001c6c                TAMP_STAMP_IRQHandler
                0x0000000008001c6c                CAN2_RX1_IRQHandler
                0x0000000008001c6c                EXTI3_IRQHandler
                0x0000000008001c6c                LPTIM2_IRQHandler
                0x0000000008001c6c                DFSDM1_FLT1_IRQHandler
                0x0000000008001c6c                I2C3_ER_IRQHandler
                0x0000000008001c6c                DFSDM1_FLT2_IRQHandler
                0x0000000008001c6c                EXTI0_IRQHandler
                0x0000000008001c6c                I2C2_EV_IRQHandler
                0x0000000008001c6c                CAN1_RX0_IRQHandler
                0x0000000008001c6c                FPU_IRQHandler
                0x0000000008001c6c                TIM1_UP_TIM16_IRQHandler
                0x0000000008001c6c                CAN2_SCE_IRQHandler
                0x0000000008001c6c                ADC1_2_IRQHandler
                0x0000000008001c6c                SPI1_IRQHandler
                0x0000000008001c6c                TIM6_DAC_IRQHandler
                0x0000000008001c6c                DCMI_IRQHandler
                0x0000000008001c6c                CAN2_RX0_IRQHandler
                0x0000000008001c6c                TIM8_UP_IRQHandler
                0x0000000008001c6c                DMA2_Channel2_IRQHandler
                0x0000000008001c6c                DMA1_Channel4_IRQHandler
                0x0000000008001c6c                SAI2_IRQHandler
                0x0000000008001c6c                DFSDM1_FLT3_IRQHandler
                0x0000000008001c6c                USART3_IRQHandler
                0x0000000008001c6c                DMA1_Channel7_IRQHandler
                0x0000000008001c6c                CAN1_RX1_IRQHandler
                0x0000000008001c6c                LCD_IRQHandler
                0x0000000008001c6c                UART5_IRQHandler
                0x0000000008001c6c                ADC3_IRQHandler
                0x0000000008001c6c                TIM4_IRQHandler
                0x0000000008001c6c                DMA2_Channel1_IRQHandler
                0x0000000008001c6c                QUADSPI_IRQHandler
                0x0000000008001c6c                I2C1_EV_IRQHandler
                0x0000000008001c6c                DMA1_Channel6_IRQHandler
                0x0000000008001c6c                UART4_IRQHandler
                0x0000000008001c6c                DMA2_Channel4_IRQHandler
                0x0000000008001c6c                TIM3_IRQHandler
                0x0000000008001c6c                RCC_IRQHandler
                0x0000000008001c6c                DMA1_Channel1_IRQHandler
                0x0000000008001c6c                Default_Handler
                0x0000000008001c6c                DMA2_Channel7_IRQHandler
                0x0000000008001c6c                EXTI15_10_IRQHandler
                0x0000000008001c6c                TIM7_IRQHandler
                0x0000000008001c6c                SDMMC1_IRQHandler
                0x0000000008001c6c                CAN2_TX_IRQHandler
                0x0000000008001c6c                TIM5_IRQHandler
                0x0000000008001c6c                I2C3_EV_IRQHandler
                0x0000000008001c6c                EXTI9_5_IRQHandler
                0x0000000008001c6c                RTC_WKUP_IRQHandler
                0x0000000008001c6c                PVD_PVM_IRQHandler
                0x0000000008001c6c                SPI2_IRQHandler
                0x0000000008001c6c                CAN1_TX_IRQHandler
                0x0000000008001c6c                DMA2_Channel5_IRQHandler
                0x0000000008001c6c                CRS_IRQHandler
                0x0000000008001c6c                DMA1_Channel5_IRQHandler
                0x0000000008001c6c                EXTI4_IRQHandler
                0x0000000008001c6c                RNG_IRQHandler
                0x0000000008001c6c                TIM1_TRG_COM_TIM17_IRQHandler
                0x0000000008001c6c                DMA1_Channel3_IRQHandler
                0x0000000008001c6c                COMP_IRQHandler
                0x0000000008001c6c                WWDG_IRQHandler
                0x0000000008001c6c                I2C4_EV_IRQHandler
                0x0000000008001c6c                LPUART1_IRQHandler
                0x0000000008001c6c                DMA2_Channel6_IRQHandler
                0x0000000008001c6c                TIM2_IRQHandler
                0x0000000008001c6c                EXTI1_IRQHandler
                0x0000000008001c6c                USART2_IRQHandler
                0x0000000008001c6c                DFSDM1_FLT0_IRQHandler
                0x0000000008001c6c                I2C2_ER_IRQHandler
                0x0000000008001c6c                DMA1_Channel2_IRQHandler
                0x0000000008001c6c                TIM8_BRK_IRQHandler
                0x0000000008001c6c                CAN1_SCE_IRQHandler
                0x0000000008001c6c                FLASH_IRQHandler
                0x0000000008001c6c                USART1_IRQHandler
                0x0000000008001c6c                OTG_FS_IRQHandler
                0x0000000008001c6c                SPI3_IRQHandler
                0x0000000008001c6c                I2C1_ER_IRQHandler
                0x0000000008001c6c                FMC_IRQHandler
                0x0000000008001c6c                SWPMI1_IRQHandler
                0x0000000008001c6c                LPTIM1_IRQHandler
                0x0000000008001c6c                I2C4_ER_IRQHandler
                0x0000000008001c6c                SAI1_IRQHandler
                0x0000000008001c6c                DMA2_Channel3_IRQHandler
                0x0000000008001c6c                TIM1_BRK_TIM15_IRQHandler
 .text.HAL_Init
                0x0000000008001c6e       0x30 ./Drivers/STM32L4xx_HAL_Driver/Src/stm32l4xx_hal.o
                0x0000000008001c6e                HAL_Init
 *fill*         0x0000000008001c9e        0x2 
 .text.HAL_InitTick
                0x0000000008001ca0       0x78 ./Drivers/STM32L4xx_HAL_Driver/Src/stm32l4xx_hal.o
                0x0000000008001ca0                HAL_InitTick
 .text.HAL_IncTick
                0x0000000008001d18       0x28 ./Drivers/STM32L4xx_HAL_Driver/Src/stm32l4xx_hal.o
                0x0000000008001d18                HAL_IncTick
 .text.HAL_GetTick
                0x0000000008001d40       0x18 ./Drivers/STM32L4xx_HAL_Driver/Src/stm32l4xx_hal.o
                0x0000000008001d40                HAL_GetTick
 .text.HAL_Delay
                0x0000000008001d58       0x48 ./Drivers/STM32L4xx_HAL_Driver/Src/stm32l4xx_hal.o
                0x0000000008001d58                HAL_Delay
 .text.__NVIC_SetPriorityGrouping
                0x0000000008001da0       0x48 ./Drivers/STM32L4xx_HAL_Driver/Src/stm32l4xx_hal_cortex.o
 .text.__NVIC_GetPriorityGrouping
                0x0000000008001de8       0x1c ./Drivers/STM32L4xx_HAL_Driver/Src/stm32l4xx_hal_cortex.o
 .text.__NVIC_EnableIRQ
                0x0000000008001e04       0x3c ./Drivers/STM32L4xx_HAL_Driver/Src/stm32l4xx_hal_cortex.o
 .text.__NVIC_DisableIRQ
                0x0000000008001e40       0x48 ./Drivers/STM32L4xx_HAL_Driver/Src/stm32l4xx_hal_cortex.o
 .text.__NVIC_SetPriority
                0x0000000008001e88       0x54 ./Drivers/STM32L4xx_HAL_Driver/Src/stm32l4xx_hal_cortex.o
 .text.NVIC_EncodePriority
                0x0000000008001edc       0x66 ./Drivers/STM32L4xx_HAL_Driver/Src/stm32l4xx_hal_cortex.o
 *fill*         0x0000000008001f42        0x2 
 .text.SysTick_Config
                0x0000000008001f44       0x44 ./Drivers/STM32L4xx_HAL_Driver/Src/stm32l4xx_hal_cortex.o
 .text.HAL_NVIC_SetPriorityGrouping
                0x0000000008001f88       0x16 ./Drivers/STM32L4xx_HAL_Driver/Src/stm32l4xx_hal_cortex.o
                0x0000000008001f88                HAL_NVIC_SetPriorityGrouping
 .text.HAL_NVIC_SetPriority
                0x0000000008001f9e       0x38 ./Drivers/STM32L4xx_HAL_Driver/Src/stm32l4xx_hal_cortex.o
                0x0000000008001f9e                HAL_NVIC_SetPriority
 .text.HAL_NVIC_EnableIRQ
                0x0000000008001fd6       0x1c ./Drivers/STM32L4xx_HAL_Driver/Src/stm32l4xx_hal_cortex.o
                0x0000000008001fd6                HAL_NVIC_EnableIRQ
 .text.HAL_NVIC_DisableIRQ
                0x0000000008001ff2       0x1c ./Drivers/STM32L4xx_HAL_Driver/Src/stm32l4xx_hal_cortex.o
                0x0000000008001ff2                HAL_NVIC_DisableIRQ
 .text.HAL_SYSTICK_Config
                0x000000000800200e       0x18 ./Drivers/STM32L4xx_HAL_Driver/Src/stm32l4xx_hal_cortex.o
                0x000000000800200e                HAL_SYSTICK_Config
 *fill*         0x0000000008002026        0x2 
 .text.HAL_GPIO_Init
                0x0000000008002028      0x324 ./Drivers/STM32L4xx_HAL_Driver/Src/stm32l4xx_hal_gpio.o
                0x0000000008002028                HAL_GPIO_Init
 .text.HAL_GPIO_DeInit
                0x000000000800234c      0x1e4 ./Drivers/STM32L4xx_HAL_Driver/Src/stm32l4xx_hal_gpio.o
                0x000000000800234c                HAL_GPIO_DeInit
 .text.HAL_GPIO_WritePin
                0x0000000008002530       0x30 ./Drivers/STM32L4xx_HAL_Driver/Src/stm32l4xx_hal_gpio.o
                0x0000000008002530                HAL_GPIO_WritePin
 .text.HAL_I2C_Init
                0x0000000008002560      0x11e ./Drivers/STM32L4xx_HAL_Driver/Src/stm32l4xx_hal_i2c.o
                0x0000000008002560                HAL_I2C_Init
 .text.HAL_I2C_DeInit
                0x000000000800267e       0x5e ./Drivers/STM32L4xx_HAL_Driver/Src/stm32l4xx_hal_i2c.o
                0x000000000800267e                HAL_I2C_DeInit
 .text.HAL_I2C_MspInit
                0x00000000080026dc       0x14 ./Drivers/STM32L4xx_HAL_Driver/Src/stm32l4xx_hal_i2c.o
                0x00000000080026dc                HAL_I2C_MspInit
 .text.HAL_I2C_MspDeInit
                0x00000000080026f0       0x14 ./Drivers/STM32L4xx_HAL_Driver/Src/stm32l4xx_hal_i2c.o
                0x00000000080026f0                HAL_I2C_MspDeInit
 .text.HAL_I2C_Mem_Write
                0x0000000008002704      0x228 ./Drivers/STM32L4xx_HAL_Driver/Src/stm32l4xx_hal_i2c.o
                0x0000000008002704                HAL_I2C_Mem_Write
 .text.HAL_I2C_Mem_Read
                0x000000000800292c      0x234 ./Drivers/STM32L4xx_HAL_Driver/Src/stm32l4xx_hal_i2c.o
                0x000000000800292c                HAL_I2C_Mem_Read
 .text.HAL_I2C_IsDeviceReady
                0x0000000008002b60      0x20e ./Drivers/STM32L4xx_HAL_Driver/Src/stm32l4xx_hal_i2c.o
                0x0000000008002b60                HAL_I2C_IsDeviceReady
 .text.HAL_I2C_GetState
                0x0000000008002d6e       0x1c ./Drivers/STM32L4xx_HAL_Driver/Src/stm32l4xx_hal_i2c.o
                0x0000000008002d6e                HAL_I2C_GetState
 *fill*         0x0000000008002d8a        0x2 
 .text.I2C_RequestMemoryWrite
                0x0000000008002d8c       0xa8 ./Drivers/STM32L4xx_HAL_Driver/Src/stm32l4xx_hal_i2c.o
 .text.I2C_RequestMemoryRead
                0x0000000008002e34       0xa8 ./Drivers/STM32L4xx_HAL_Driver/Src/stm32l4xx_hal_i2c.o
 .text.I2C_Flush_TXDR
                0x0000000008002edc       0x48 ./Drivers/STM32L4xx_HAL_Driver/Src/stm32l4xx_hal_i2c.o
 .text.I2C_WaitOnFlagUntilTimeout
                0x0000000008002f24       0x80 ./Drivers/STM32L4xx_HAL_Driver/Src/stm32l4xx_hal_i2c.o
 .text.I2C_WaitOnTXISFlagUntilTimeout
                0x0000000008002fa4       0x80 ./Drivers/STM32L4xx_HAL_Driver/Src/stm32l4xx_hal_i2c.o
 .text.I2C_WaitOnSTOPFlagUntilTimeout
                0x0000000008003024       0x78 ./Drivers/STM32L4xx_HAL_Driver/Src/stm32l4xx_hal_i2c.o
 .text.I2C_IsErrorOccurred
                0x000000000800309c      0x1d8 ./Drivers/STM32L4xx_HAL_Driver/Src/stm32l4xx_hal_i2c.o
 .text.I2C_TransferConfig
                0x0000000008003274       0x64 ./Drivers/STM32L4xx_HAL_Driver/Src/stm32l4xx_hal_i2c.o
 .text.HAL_PWREx_GetVoltageRange
                0x00000000080032d8       0x1c ./Drivers/STM32L4xx_HAL_Driver/Src/stm32l4xx_hal_pwr_ex.o
                0x00000000080032d8                HAL_PWREx_GetVoltageRange
 .text.HAL_PWREx_ControlVoltageScaling
                0x00000000080032f4       0xac ./Drivers/STM32L4xx_HAL_Driver/Src/stm32l4xx_hal_pwr_ex.o
                0x00000000080032f4                HAL_PWREx_ControlVoltageScaling
 .text.HAL_RCC_OscConfig
                0x00000000080033a0      0x834 ./Drivers/STM32L4xx_HAL_Driver/Src/stm32l4xx_hal_rcc.o
                0x00000000080033a0                HAL_RCC_OscConfig
 .text.HAL_RCC_ClockConfig
                0x0000000008003bd4      0x200 ./Drivers/STM32L4xx_HAL_Driver/Src/stm32l4xx_hal_rcc.o
                0x0000000008003bd4                HAL_RCC_ClockConfig
 .text.HAL_RCC_GetSysClockFreq
                0x0000000008003dd4      0x118 ./Drivers/STM32L4xx_HAL_Driver/Src/stm32l4xx_hal_rcc.o
                0x0000000008003dd4                HAL_RCC_GetSysClockFreq
 .text.RCC_SetFlashLatencyFromMSIRange
                0x0000000008003eec       0xc0 ./Drivers/STM32L4xx_HAL_Driver/Src/stm32l4xx_hal_rcc.o
 .text.HAL_RCCEx_PeriphCLKConfig
                0x0000000008003fac      0x5f8 ./Drivers/STM32L4xx_HAL_Driver/Src/stm32l4xx_hal_rcc_ex.o
                0x0000000008003fac                HAL_RCCEx_PeriphCLKConfig
 .text.RCCEx_PLLSAI1_Config
                0x00000000080045a4      0x1e4 ./Drivers/STM32L4xx_HAL_Driver/Src/stm32l4xx_hal_rcc_ex.o
 .text.RCCEx_PLLSAI2_Config
                0x0000000008004788      0x1b8 ./Drivers/STM32L4xx_HAL_Driver/Src/stm32l4xx_hal_rcc_ex.o
 .text.__libc_init_array
                0x0000000008004940       0x48 c:/st/stm32cubeide_1.9.0/stm32cubeide/plugins/com.st.stm32cube.ide.mcu.externaltools.gnu-tools-for-stm32.10.3-2021.10.win32_1.0.0.202111181127/tools/bin/../lib/gcc/arm-none-eabi/10.3.1/../../../../arm-none-eabi/lib/thumb/v7e-m+fp/hard\libc_nano.a(lib_a-init.o)
                0x0000000008004940                __libc_init_array
 .text.memset   0x0000000008004988       0x10 c:/st/stm32cubeide_1.9.0/stm32cubeide/plugins/com.st.stm32cube.ide.mcu.externaltools.gnu-tools-for-stm32.10.3-2021.10.win32_1.0.0.202111181127/tools/bin/../lib/gcc/arm-none-eabi/10.3.1/../../../../arm-none-eabi/lib/thumb/v7e-m+fp/hard\libc_nano.a(lib_a-memset.o)
                0x0000000008004988                memset
 *(.glue_7)
 .glue_7        0x0000000008004998        0x0 linker stubs
 *(.glue_7t)
 .glue_7t       0x0000000008004998        0x0 linker stubs
 *(.eh_frame)
 .eh_frame      0x0000000008004998        0x0 c:/st/stm32cubeide_1.9.0/stm32cubeide/plugins/com.st.stm32cube.ide.mcu.externaltools.gnu-tools-for-stm32.10.3-2021.10.win32_1.0.0.202111181127/tools/bin/../lib/gcc/arm-none-eabi/10.3.1/thumb/v7e-m+fp/hard/crtbegin.o
 *(.init)
 .init          0x0000000008004998        0x4 c:/st/stm32cubeide_1.9.0/stm32cubeide/plugins/com.st.stm32cube.ide.mcu.externaltools.gnu-tools-for-stm32.10.3-2021.10.win32_1.0.0.202111181127/tools/bin/../lib/gcc/arm-none-eabi/10.3.1/thumb/v7e-m+fp/hard/crti.o
                0x0000000008004998                _init
 .init          0x000000000800499c        0x8 c:/st/stm32cubeide_1.9.0/stm32cubeide/plugins/com.st.stm32cube.ide.mcu.externaltools.gnu-tools-for-stm32.10.3-2021.10.win32_1.0.0.202111181127/tools/bin/../lib/gcc/arm-none-eabi/10.3.1/thumb/v7e-m+fp/hard/crtn.o
 *(.fini)
 .fini          0x00000000080049a4        0x4 c:/st/stm32cubeide_1.9.0/stm32cubeide/plugins/com.st.stm32cube.ide.mcu.externaltools.gnu-tools-for-stm32.10.3-2021.10.win32_1.0.0.202111181127/tools/bin/../lib/gcc/arm-none-eabi/10.3.1/thumb/v7e-m+fp/hard/crti.o
                0x00000000080049a4                _fini
 .fini          0x00000000080049a8        0x8 c:/st/stm32cubeide_1.9.0/stm32cubeide/plugins/com.st.stm32cube.ide.mcu.externaltools.gnu-tools-for-stm32.10.3-2021.10.win32_1.0.0.202111181127/tools/bin/../lib/gcc/arm-none-eabi/10.3.1/thumb/v7e-m+fp/hard/crtn.o
                0x00000000080049b0                . = ALIGN (0x4)
                0x00000000080049b0                _etext = .

.vfp11_veneer   0x00000000080049b0        0x0
 .vfp11_veneer  0x00000000080049b0        0x0 linker stubs

.v4_bx          0x00000000080049b0        0x0
 .v4_bx         0x00000000080049b0        0x0 linker stubs

.iplt           0x00000000080049b0        0x0
 .iplt          0x00000000080049b0        0x0 c:/st/stm32cubeide_1.9.0/stm32cubeide/plugins/com.st.stm32cube.ide.mcu.externaltools.gnu-tools-for-stm32.10.3-2021.10.win32_1.0.0.202111181127/tools/bin/../lib/gcc/arm-none-eabi/10.3.1/thumb/v7e-m+fp/hard/crtbegin.o

.rodata         0x00000000080049b0       0x44
                0x00000000080049b0                . = ALIGN (0x4)
 *(.rodata)
 *(.rodata*)
 .rodata.LED_PIN
                0x00000000080049b0        0x4 ./Core/BSP/stm32l496g_discovery.o
                0x00000000080049b0                LED_PIN
 .rodata.AHBPrescTable
                0x00000000080049b4       0x10 ./Core/Src/system_stm32l4xx.o
                0x00000000080049b4                AHBPrescTable
 .rodata.MSIRangeTable
                0x00000000080049c4       0x30 ./Core/Src/system_stm32l4xx.o
                0x00000000080049c4                MSIRangeTable
                0x00000000080049f4                . = ALIGN (0x4)

.rel.dyn        0x00000000080049f4        0x0
 .rel.iplt      0x00000000080049f4        0x0 c:/st/stm32cubeide_1.9.0/stm32cubeide/plugins/com.st.stm32cube.ide.mcu.externaltools.gnu-tools-for-stm32.10.3-2021.10.win32_1.0.0.202111181127/tools/bin/../lib/gcc/arm-none-eabi/10.3.1/thumb/v7e-m+fp/hard/crtbegin.o

.ARM.extab      0x00000000080049f4        0x0
                0x00000000080049f4                . = ALIGN (0x4)
 *(.ARM.extab* .gnu.linkonce.armextab.*)
                0x00000000080049f4                . = ALIGN (0x4)

.ARM            0x00000000080049f4        0x0
                0x00000000080049f4                . = ALIGN (0x4)
                0x00000000080049f4                __exidx_start = .
 *(.ARM.exidx*)
                0x00000000080049f4                __exidx_end = .
                0x00000000080049f4                . = ALIGN (0x4)

.preinit_array  0x00000000080049f4        0x0
                0x00000000080049f4                . = ALIGN (0x4)
                0x00000000080049f4                PROVIDE (__preinit_array_start = .)
 *(.preinit_array*)
                0x00000000080049f4                PROVIDE (__preinit_array_end = .)
                0x00000000080049f4                . = ALIGN (0x4)

.init_array     0x00000000080049f4        0x4
                0x00000000080049f4                . = ALIGN (0x4)
                0x00000000080049f4                PROVIDE (__init_array_start = .)
 *(SORT_BY_NAME(.init_array.*))
 *(.init_array*)
 .init_array    0x00000000080049f4        0x4 c:/st/stm32cubeide_1.9.0/stm32cubeide/plugins/com.st.stm32cube.ide.mcu.externaltools.gnu-tools-for-stm32.10.3-2021.10.win32_1.0.0.202111181127/tools/bin/../lib/gcc/arm-none-eabi/10.3.1/thumb/v7e-m+fp/hard/crtbegin.o
                0x00000000080049f8                PROVIDE (__init_array_end = .)
                0x00000000080049f8                . = ALIGN (0x4)

.fini_array     0x00000000080049f8        0x4
                0x00000000080049f8                . = ALIGN (0x4)
                [!provide]                        PROVIDE (__fini_array_start = .)
 *(SORT_BY_NAME(.fini_array.*))
 *(.fini_array*)
 .fini_array    0x00000000080049f8        0x4 c:/st/stm32cubeide_1.9.0/stm32cubeide/plugins/com.st.stm32cube.ide.mcu.externaltools.gnu-tools-for-stm32.10.3-2021.10.win32_1.0.0.202111181127/tools/bin/../lib/gcc/arm-none-eabi/10.3.1/thumb/v7e-m+fp/hard/crtbegin.o
                [!provide]                        PROVIDE (__fini_array_end = .)
                0x00000000080049fc                . = ALIGN (0x4)
                0x00000000080049fc                _sidata = LOADADDR (.data)

.data           0x0000000020000000       0x88 load address 0x00000000080049fc
                0x0000000020000000                . = ALIGN (0x4)
                0x0000000020000000                _sdata = .
 *(.data)
 *(.data*)
 .data.mfxstm32l152_io_drv
                0x0000000020000000       0x2c ./Core/BSP/mfxstm32l152.o
                0x0000000020000000                mfxstm32l152_io_drv
 .data.mfxstm32l152_idd_drv
                0x000000002000002c       0x4c ./Core/BSP/mfxstm32l152.o
                0x000000002000002c                mfxstm32l152_idd_drv
 .data.I2c2Timeout
                0x0000000020000078        0x4 ./Core/BSP/stm32l496g_discovery.o
                0x0000000020000078                I2c2Timeout
 .data.SystemCoreClock
                0x000000002000007c        0x4 ./Core/Src/system_stm32l4xx.o
                0x000000002000007c                SystemCoreClock
 .data.uwTickPrio
                0x0000000020000080        0x4 ./Drivers/STM32L4xx_HAL_Driver/Src/stm32l4xx_hal.o
                0x0000000020000080                uwTickPrio
 .data.uwTickFreq
                0x0000000020000084        0x1 ./Drivers/STM32L4xx_HAL_Driver/Src/stm32l4xx_hal.o
                0x0000000020000084                uwTickFreq
 *(.RamFunc)
 *(.RamFunc*)
                0x0000000020000088                . = ALIGN (0x4)
 *fill*         0x0000000020000085        0x3 
                0x0000000020000088                _edata = .

.igot.plt       0x0000000020000088        0x0 load address 0x0000000008004a84
 .igot.plt      0x0000000020000088        0x0 c:/st/stm32cubeide_1.9.0/stm32cubeide/plugins/com.st.stm32cube.ide.mcu.externaltools.gnu-tools-for-stm32.10.3-2021.10.win32_1.0.0.202111181127/tools/bin/../lib/gcc/arm-none-eabi/10.3.1/thumb/v7e-m+fp/hard/crtbegin.o
                0x0000000020000088                . = ALIGN (0x4)

.bss            0x0000000020000088       0x7c load address 0x0000000008004a84
                0x0000000020000088                _sbss = .
                0x0000000020000088                __bss_start__ = _sbss
 *(.bss)
 .bss           0x0000000020000088       0x1c c:/st/stm32cubeide_1.9.0/stm32cubeide/plugins/com.st.stm32cube.ide.mcu.externaltools.gnu-tools-for-stm32.10.3-2021.10.win32_1.0.0.202111181127/tools/bin/../lib/gcc/arm-none-eabi/10.3.1/thumb/v7e-m+fp/hard/crtbegin.o
 *(.bss*)
 .bss.mfxstm32l152
                0x00000000200000a4        0x3 ./Core/BSP/mfxstm32l152.o
                0x00000000200000a4                mfxstm32l152
 *fill*         0x00000000200000a7        0x1 
 .bss.I2c2Handle
                0x00000000200000a8       0x54 ./Core/BSP/stm32l496g_discovery.o
 .bss.io1_driver
                0x00000000200000fc        0x4 ./Core/BSP/stm32l496g_discovery_io.o
 .bss.uwTick    0x0000000020000100        0x4 ./Drivers/STM32L4xx_HAL_Driver/Src/stm32l4xx_hal.o
                0x0000000020000100                uwTick
 *(COMMON)
                0x0000000020000104                . = ALIGN (0x4)
                0x0000000020000104                _ebss = .
                0x0000000020000104                __bss_end__ = _ebss

._user_heap_stack
                0x0000000020000104      0x604 load address 0x0000000008004a84
                0x0000000020000108                . = ALIGN (0x8)
 *fill*         0x0000000020000104        0x4 
                [!provide]                        PROVIDE (end = .)
                0x0000000020000108                PROVIDE (_end = .)
                0x0000000020000308                . = (. + _Min_Heap_Size)
 *fill*         0x0000000020000108      0x200 
                0x0000000020000708                . = (. + _Min_Stack_Size)
 *fill*         0x0000000020000308      0x400 
                0x0000000020000708                . = ALIGN (0x8)

/DISCARD/
 libc.a(*)
 libm.a(*)
 libgcc.a(*)

.ARM.attributes
                0x0000000000000000       0x30
 *(.ARM.attributes)
 .ARM.attributes
                0x0000000000000000       0x1e c:/st/stm32cubeide_1.9.0/stm32cubeide/plugins/com.st.stm32cube.ide.mcu.externaltools.gnu-tools-for-stm32.10.3-2021.10.win32_1.0.0.202111181127/tools/bin/../lib/gcc/arm-none-eabi/10.3.1/thumb/v7e-m+fp/hard/crti.o
 .ARM.attributes
                0x000000000000001e       0x34 c:/st/stm32cubeide_1.9.0/stm32cubeide/plugins/com.st.stm32cube.ide.mcu.externaltools.gnu-tools-for-stm32.10.3-2021.10.win32_1.0.0.202111181127/tools/bin/../lib/gcc/arm-none-eabi/10.3.1/thumb/v7e-m+fp/hard/crtbegin.o
 .ARM.attributes
                0x0000000000000052       0x34 ./Core/BSP/mfxstm32l152.o
 .ARM.attributes
                0x0000000000000086       0x34 ./Core/BSP/stm32l496g_discovery.o
 .ARM.attributes
                0x00000000000000ba       0x34 ./Core/BSP/stm32l496g_discovery_io.o
 .ARM.attributes
                0x00000000000000ee       0x34 ./Core/Src/main.o
 .ARM.attributes
                0x0000000000000122       0x34 ./Core/Src/stm32l4xx_hal_msp.o
 .ARM.attributes
                0x0000000000000156       0x34 ./Core/Src/stm32l4xx_it.o
 .ARM.attributes
                0x000000000000018a       0x34 ./Core/Src/system_stm32l4xx.o
 .ARM.attributes
                0x00000000000001be       0x21 ./Core/Startup/startup_stm32l496agix.o
 .ARM.attributes
                0x00000000000001df       0x34 ./Drivers/STM32L4xx_HAL_Driver/Src/stm32l4xx_hal.o
 .ARM.attributes
                0x0000000000000213       0x34 ./Drivers/STM32L4xx_HAL_Driver/Src/stm32l4xx_hal_cortex.o
 .ARM.attributes
                0x0000000000000247       0x34 ./Drivers/STM32L4xx_HAL_Driver/Src/stm32l4xx_hal_gpio.o
 .ARM.attributes
                0x000000000000027b       0x34 ./Drivers/STM32L4xx_HAL_Driver/Src/stm32l4xx_hal_i2c.o
 .ARM.attributes
                0x00000000000002af       0x34 ./Drivers/STM32L4xx_HAL_Driver/Src/stm32l4xx_hal_pwr_ex.o
 .ARM.attributes
                0x00000000000002e3       0x34 ./Drivers/STM32L4xx_HAL_Driver/Src/stm32l4xx_hal_rcc.o
 .ARM.attributes
                0x0000000000000317       0x34 ./Drivers/STM32L4xx_HAL_Driver/Src/stm32l4xx_hal_rcc_ex.o
 .ARM.attributes
                0x000000000000034b       0x34 c:/st/stm32cubeide_1.9.0/stm32cubeide/plugins/com.st.stm32cube.ide.mcu.externaltools.gnu-tools-for-stm32.10.3-2021.10.win32_1.0.0.202111181127/tools/bin/../lib/gcc/arm-none-eabi/10.3.1/../../../../arm-none-eabi/lib/thumb/v7e-m+fp/hard\libc_nano.a(lib_a-init.o)
 .ARM.attributes
                0x000000000000037f       0x34 c:/st/stm32cubeide_1.9.0/stm32cubeide/plugins/com.st.stm32cube.ide.mcu.externaltools.gnu-tools-for-stm32.10.3-2021.10.win32_1.0.0.202111181127/tools/bin/../lib/gcc/arm-none-eabi/10.3.1/../../../../arm-none-eabi/lib/thumb/v7e-m+fp/hard\libc_nano.a(lib_a-memset.o)
 .ARM.attributes
                0x00000000000003b3       0x1e c:/st/stm32cubeide_1.9.0/stm32cubeide/plugins/com.st.stm32cube.ide.mcu.externaltools.gnu-tools-for-stm32.10.3-2021.10.win32_1.0.0.202111181127/tools/bin/../lib/gcc/arm-none-eabi/10.3.1/thumb/v7e-m+fp/hard/crtn.o
OUTPUT(tutorial_3.elf elf32-littlearm)
LOAD linker stubs
LOAD c:/st/stm32cubeide_1.9.0/stm32cubeide/plugins/com.st.stm32cube.ide.mcu.externaltools.gnu-tools-for-stm32.10.3-2021.10.win32_1.0.0.202111181127/tools/bin/../lib/gcc/arm-none-eabi/10.3.1/../../../../arm-none-eabi/lib/thumb/v7e-m+fp/hard\libc.a
LOAD c:/st/stm32cubeide_1.9.0/stm32cubeide/plugins/com.st.stm32cube.ide.mcu.externaltools.gnu-tools-for-stm32.10.3-2021.10.win32_1.0.0.202111181127/tools/bin/../lib/gcc/arm-none-eabi/10.3.1/../../../../arm-none-eabi/lib/thumb/v7e-m+fp/hard\libm.a
LOAD c:/st/stm32cubeide_1.9.0/stm32cubeide/plugins/com.st.stm32cube.ide.mcu.externaltools.gnu-tools-for-stm32.10.3-2021.10.win32_1.0.0.202111181127/tools/bin/../lib/gcc/arm-none-eabi/10.3.1/thumb/v7e-m+fp/hard\libgcc.a

.debug_info     0x0000000000000000     0xb51f
 .debug_info    0x0000000000000000     0x1423 ./Core/BSP/mfxstm32l152.o
 .debug_info    0x0000000000001423     0x1ee6 ./Core/BSP/stm32l496g_discovery.o
 .debug_info    0x0000000000003309      0x77a ./Core/BSP/stm32l496g_discovery_io.o
 .debug_info    0x0000000000003a83      0x3b2 ./Core/Src/main.o
 .debug_info    0x0000000000003e35      0x324 ./Core/Src/stm32l4xx_hal_msp.o
 .debug_info    0x0000000000004159      0x122 ./Core/Src/stm32l4xx_it.o
 .debug_info    0x000000000000427b      0x5e2 ./Core/Src/system_stm32l4xx.o
 .debug_info    0x000000000000485d       0x22 ./Core/Startup/startup_stm32l496agix.o
 .debug_info    0x000000000000487f      0xb95 ./Drivers/STM32L4xx_HAL_Driver/Src/stm32l4xx_hal.o
 .debug_info    0x0000000000005414      0xe57 ./Drivers/STM32L4xx_HAL_Driver/Src/stm32l4xx_hal_cortex.o
 .debug_info    0x000000000000626b      0x83d ./Drivers/STM32L4xx_HAL_Driver/Src/stm32l4xx_hal_gpio.o
 .debug_info    0x0000000000006aa8     0x2232 ./Drivers/STM32L4xx_HAL_Driver/Src/stm32l4xx_hal_i2c.o
 .debug_info    0x0000000000008cda      0x9e6 ./Drivers/STM32L4xx_HAL_Driver/Src/stm32l4xx_hal_pwr_ex.o
 .debug_info    0x00000000000096c0      0xd17 ./Drivers/STM32L4xx_HAL_Driver/Src/stm32l4xx_hal_rcc.o
 .debug_info    0x000000000000a3d7     0x1148 ./Drivers/STM32L4xx_HAL_Driver/Src/stm32l4xx_hal_rcc_ex.o

.debug_abbrev   0x0000000000000000     0x1ba7
 .debug_abbrev  0x0000000000000000      0x24c ./Core/BSP/mfxstm32l152.o
 .debug_abbrev  0x000000000000024c      0x35c ./Core/BSP/stm32l496g_discovery.o
 .debug_abbrev  0x00000000000005a8      0x194 ./Core/BSP/stm32l496g_discovery_io.o
 .debug_abbrev  0x000000000000073c      0x176 ./Core/Src/main.o
 .debug_abbrev  0x00000000000008b2       0xc2 ./Core/Src/stm32l4xx_hal_msp.o
 .debug_abbrev  0x0000000000000974       0x74 ./Core/Src/stm32l4xx_it.o
 .debug_abbrev  0x00000000000009e8      0x116 ./Core/Src/system_stm32l4xx.o
 .debug_abbrev  0x0000000000000afe       0x12 ./Core/Startup/startup_stm32l496agix.o
 .debug_abbrev  0x0000000000000b10      0x23a ./Drivers/STM32L4xx_HAL_Driver/Src/stm32l4xx_hal.o
 .debug_abbrev  0x0000000000000d4a      0x316 ./Drivers/STM32L4xx_HAL_Driver/Src/stm32l4xx_hal_cortex.o
 .debug_abbrev  0x0000000000001060      0x1bb ./Drivers/STM32L4xx_HAL_Driver/Src/stm32l4xx_hal_gpio.o
 .debug_abbrev  0x000000000000121b      0x243 ./Drivers/STM32L4xx_HAL_Driver/Src/stm32l4xx_hal_i2c.o
 .debug_abbrev  0x000000000000145e      0x1f3 ./Drivers/STM32L4xx_HAL_Driver/Src/stm32l4xx_hal_pwr_ex.o
 .debug_abbrev  0x0000000000001651      0x2bd ./Drivers/STM32L4xx_HAL_Driver/Src/stm32l4xx_hal_rcc.o
 .debug_abbrev  0x000000000000190e      0x299 ./Drivers/STM32L4xx_HAL_Driver/Src/stm32l4xx_hal_rcc_ex.o

.debug_aranges  0x0000000000000000      0xc98
 .debug_aranges
                0x0000000000000000      0x1d0 ./Core/BSP/mfxstm32l152.o
 .debug_aranges
                0x00000000000001d0      0x150 ./Core/BSP/stm32l496g_discovery.o
 .debug_aranges
                0x0000000000000320       0x50 ./Core/BSP/stm32l496g_discovery_io.o
 .debug_aranges
                0x0000000000000370       0x30 ./Core/Src/main.o
 .debug_aranges
                0x00000000000003a0       0x20 ./Core/Src/stm32l4xx_hal_msp.o
 .debug_aranges
                0x00000000000003c0       0x60 ./Core/Src/stm32l4xx_it.o
 .debug_aranges
                0x0000000000000420       0x28 ./Core/Src/system_stm32l4xx.o
 .debug_aranges
                0x0000000000000448       0x28 ./Core/Startup/startup_stm32l496agix.o
 .debug_aranges
                0x0000000000000470      0x130 ./Drivers/STM32L4xx_HAL_Driver/Src/stm32l4xx_hal.o
 .debug_aranges
                0x00000000000005a0      0x118 ./Drivers/STM32L4xx_HAL_Driver/Src/stm32l4xx_hal_cortex.o
 .debug_aranges
                0x00000000000006b8       0x58 ./Drivers/STM32L4xx_HAL_Driver/Src/stm32l4xx_hal_gpio.o
 .debug_aranges
                0x0000000000000710      0x2a0 ./Drivers/STM32L4xx_HAL_Driver/Src/stm32l4xx_hal_i2c.o
 .debug_aranges
                0x00000000000009b0      0x150 ./Drivers/STM32L4xx_HAL_Driver/Src/stm32l4xx_hal_pwr_ex.o
 .debug_aranges
                0x0000000000000b00       0x90 ./Drivers/STM32L4xx_HAL_Driver/Src/stm32l4xx_hal_rcc.o
 .debug_aranges
                0x0000000000000b90      0x108 ./Drivers/STM32L4xx_HAL_Driver/Src/stm32l4xx_hal_rcc_ex.o

.debug_ranges   0x0000000000000000      0xbb0
 .debug_ranges  0x0000000000000000      0x1c0 ./Core/BSP/mfxstm32l152.o
 .debug_ranges  0x00000000000001c0      0x140 ./Core/BSP/stm32l496g_discovery.o
 .debug_ranges  0x0000000000000300       0x40 ./Core/BSP/stm32l496g_discovery_io.o
 .debug_ranges  0x0000000000000340       0x20 ./Core/Src/main.o
 .debug_ranges  0x0000000000000360       0x10 ./Core/Src/stm32l4xx_hal_msp.o
 .debug_ranges  0x0000000000000370       0x50 ./Core/Src/stm32l4xx_it.o
 .debug_ranges  0x00000000000003c0       0x18 ./Core/Src/system_stm32l4xx.o
 .debug_ranges  0x00000000000003d8       0x20 ./Core/Startup/startup_stm32l496agix.o
 .debug_ranges  0x00000000000003f8      0x120 ./Drivers/STM32L4xx_HAL_Driver/Src/stm32l4xx_hal.o
 .debug_ranges  0x0000000000000518      0x108 ./Drivers/STM32L4xx_HAL_Driver/Src/stm32l4xx_hal_cortex.o
 .debug_ranges  0x0000000000000620       0x48 ./Drivers/STM32L4xx_HAL_Driver/Src/stm32l4xx_hal_gpio.o
 .debug_ranges  0x0000000000000668      0x290 ./Drivers/STM32L4xx_HAL_Driver/Src/stm32l4xx_hal_i2c.o
 .debug_ranges  0x00000000000008f8      0x140 ./Drivers/STM32L4xx_HAL_Driver/Src/stm32l4xx_hal_pwr_ex.o
 .debug_ranges  0x0000000000000a38       0x80 ./Drivers/STM32L4xx_HAL_Driver/Src/stm32l4xx_hal_rcc.o
 .debug_ranges  0x0000000000000ab8       0xf8 ./Drivers/STM32L4xx_HAL_Driver/Src/stm32l4xx_hal_rcc_ex.o

.debug_macro    0x0000000000000000    0x28533
 .debug_macro   0x0000000000000000       0x96 ./Core/BSP/mfxstm32l152.o
 .debug_macro   0x0000000000000096      0xa78 ./Core/BSP/mfxstm32l152.o
 .debug_macro   0x0000000000000b0e       0x22 ./Core/BSP/mfxstm32l152.o
 .debug_macro   0x0000000000000b30       0x8e ./Core/BSP/mfxstm32l152.o
 .debug_macro   0x0000000000000bbe       0x51 ./Core/BSP/mfxstm32l152.o
 .debug_macro   0x0000000000000c0f      0x103 ./Core/BSP/mfxstm32l152.o
 .debug_macro   0x0000000000000d12       0x6a ./Core/BSP/mfxstm32l152.o
 .debug_macro   0x0000000000000d7c      0x1df ./Core/BSP/mfxstm32l152.o
 .debug_macro   0x0000000000000f5b      0x4cb ./Core/BSP/mfxstm32l152.o
 .debug_macro   0x0000000000001426      0x21a ./Core/BSP/stm32l496g_discovery.o
 .debug_macro   0x0000000000001640      0x1a1 ./Core/BSP/stm32l496g_discovery.o
 .debug_macro   0x00000000000017e1       0x2e ./Core/BSP/stm32l496g_discovery.o
 .debug_macro   0x000000000000180f       0x28 ./Core/BSP/stm32l496g_discovery.o
 .debug_macro   0x0000000000001837       0x1c ./Core/BSP/stm32l496g_discovery.o
 .debug_macro   0x0000000000001853       0x22 ./Core/BSP/stm32l496g_discovery.o
 .debug_macro   0x0000000000001875       0xfb ./Core/BSP/stm32l496g_discovery.o
 .debug_macro   0x0000000000001970     0x1011 ./Core/BSP/stm32l496g_discovery.o
 .debug_macro   0x0000000000002981      0x11f ./Core/BSP/stm32l496g_discovery.o
 .debug_macro   0x0000000000002aa0    0x1c1e0 ./Core/BSP/stm32l496g_discovery.o
 .debug_macro   0x000000000001ec80       0x6d ./Core/BSP/stm32l496g_discovery.o
 .debug_macro   0x000000000001eced     0x38e6 ./Core/BSP/stm32l496g_discovery.o
 .debug_macro   0x00000000000225d3      0x174 ./Core/BSP/stm32l496g_discovery.o
 .debug_macro   0x0000000000022747       0x5c ./Core/BSP/stm32l496g_discovery.o
 .debug_macro   0x00000000000227a3     0x187d ./Core/BSP/stm32l496g_discovery.o
 .debug_macro   0x0000000000024020      0x773 ./Core/BSP/stm32l496g_discovery.o
 .debug_macro   0x0000000000024793      0x1b9 ./Core/BSP/stm32l496g_discovery.o
 .debug_macro   0x000000000002494c      0x202 ./Core/BSP/stm32l496g_discovery.o
 .debug_macro   0x0000000000024b4e      0x26b ./Core/BSP/stm32l496g_discovery.o
 .debug_macro   0x0000000000024db9      0x23d ./Core/BSP/stm32l496g_discovery.o
 .debug_macro   0x0000000000024ff6      0x241 ./Core/BSP/stm32l496g_discovery.o
 .debug_macro   0x0000000000025237      0x3ad ./Core/BSP/stm32l496g_discovery.o
 .debug_macro   0x00000000000255e4       0xe4 ./Core/BSP/stm32l496g_discovery.o
 .debug_macro   0x00000000000256c8      0x22c ./Core/BSP/stm32l496g_discovery.o
 .debug_macro   0x00000000000258f4       0x61 ./Core/BSP/stm32l496g_discovery.o
 .debug_macro   0x0000000000025955       0xa5 ./Core/BSP/stm32l496g_discovery.o
 .debug_macro   0x00000000000259fa      0x122 ./Core/BSP/stm32l496g_discovery.o
 .debug_macro   0x0000000000025b1c      0x3ef ./Core/BSP/stm32l496g_discovery.o
 .debug_macro   0x0000000000025f0b      0x433 ./Core/BSP/stm32l496g_discovery.o
 .debug_macro   0x000000000002633e      0x569 ./Core/BSP/stm32l496g_discovery.o
 .debug_macro   0x00000000000268a7       0x52 ./Core/BSP/stm32l496g_discovery.o
 .debug_macro   0x00000000000268f9      0x1fc ./Core/BSP/stm32l496g_discovery_io.o
 .debug_macro   0x0000000000026af5      0x204 ./Core/Src/main.o
 .debug_macro   0x0000000000026cf9      0x56f ./Core/Src/main.o
 .debug_macro   0x0000000000027268      0x1bb ./Core/Src/stm32l4xx_hal_msp.o
 .debug_macro   0x0000000000027423      0x1c5 ./Core/Src/stm32l4xx_it.o
 .debug_macro   0x00000000000275e8      0x1b1 ./Core/Src/system_stm32l4xx.o
 .debug_macro   0x0000000000027799      0x1ff ./Drivers/STM32L4xx_HAL_Driver/Src/stm32l4xx_hal.o
 .debug_macro   0x0000000000027998      0x1b1 ./Drivers/STM32L4xx_HAL_Driver/Src/stm32l4xx_hal_cortex.o
 .debug_macro   0x0000000000027b49      0x1b8 ./Drivers/STM32L4xx_HAL_Driver/Src/stm32l4xx_hal_gpio.o
 .debug_macro   0x0000000000027d01      0x27d ./Drivers/STM32L4xx_HAL_Driver/Src/stm32l4xx_hal_i2c.o
 .debug_macro   0x0000000000027f7e      0x1db ./Drivers/STM32L4xx_HAL_Driver/Src/stm32l4xx_hal_pwr_ex.o
 .debug_macro   0x0000000000028159      0x1f3 ./Drivers/STM32L4xx_HAL_Driver/Src/stm32l4xx_hal_rcc.o
 .debug_macro   0x000000000002834c      0x1e7 ./Drivers/STM32L4xx_HAL_Driver/Src/stm32l4xx_hal_rcc_ex.o

.debug_line     0x0000000000000000     0xc8fd
 .debug_line    0x0000000000000000      0xd01 ./Core/BSP/mfxstm32l152.o
 .debug_line    0x0000000000000d01      0xd65 ./Core/BSP/stm32l496g_discovery.o
 .debug_line    0x0000000000001a66      0x803 ./Core/BSP/stm32l496g_discovery_io.o
 .debug_line    0x0000000000002269      0x7be ./Core/Src/main.o
 .debug_line    0x0000000000002a27      0x685 ./Core/Src/stm32l4xx_hal_msp.o
 .debug_line    0x00000000000030ac      0x748 ./Core/Src/stm32l4xx_it.o
 .debug_line    0x00000000000037f4      0x71d ./Core/Src/system_stm32l4xx.o
 .debug_line    0x0000000000003f11       0x88 ./Core/Startup/startup_stm32l496agix.o
 .debug_line    0x0000000000003f99      0xa75 ./Drivers/STM32L4xx_HAL_Driver/Src/stm32l4xx_hal.o
 .debug_line    0x0000000000004a0e      0xc1c ./Drivers/STM32L4xx_HAL_Driver/Src/stm32l4xx_hal_cortex.o
 .debug_line    0x000000000000562a      0xad1 ./Drivers/STM32L4xx_HAL_Driver/Src/stm32l4xx_hal_gpio.o
 .debug_line    0x00000000000060fb     0x3607 ./Drivers/STM32L4xx_HAL_Driver/Src/stm32l4xx_hal_i2c.o
 .debug_line    0x0000000000009702      0xc47 ./Drivers/STM32L4xx_HAL_Driver/Src/stm32l4xx_hal_pwr_ex.o
 .debug_line    0x000000000000a349      0xf37 ./Drivers/STM32L4xx_HAL_Driver/Src/stm32l4xx_hal_rcc.o
 .debug_line    0x000000000000b280     0x167d ./Drivers/STM32L4xx_HAL_Driver/Src/stm32l4xx_hal_rcc_ex.o

.debug_str      0x0000000000000000    0xf54e4
 .debug_str     0x0000000000000000     0x66ad ./Core/BSP/mfxstm32l152.o
                                       0x6910 (size before relaxing)
 .debug_str     0x00000000000066ad    0xec3ac ./Core/BSP/stm32l496g_discovery.o
                                      0xf26ad (size before relaxing)
 .debug_str     0x00000000000f2a59       0x84 ./Core/BSP/stm32l496g_discovery_io.o
                                      0xf1426 (size before relaxing)
 .debug_str     0x00000000000f2add      0x1d6 ./Core/Src/main.o
                                      0xf1118 (size before relaxing)
 .debug_str     0x00000000000f2cb3       0x2c ./Core/Src/stm32l4xx_hal_msp.o
                                      0xec4f0 (size before relaxing)
 .debug_str     0x00000000000f2cdf       0xc9 ./Core/Src/stm32l4xx_it.o
                                      0xec41c (size before relaxing)
 .debug_str     0x00000000000f2da8       0xf2 ./Core/Src/system_stm32l4xx.o
                                      0xec5b7 (size before relaxing)
 .debug_str     0x00000000000f2e9a       0x36 ./Core/Startup/startup_stm32l496agix.o
                                         0x7b (size before relaxing)
 .debug_str     0x00000000000f2ed0      0x646 ./Drivers/STM32L4xx_HAL_Driver/Src/stm32l4xx_hal.o
                                      0xed1bf (size before relaxing)
 .debug_str     0x00000000000f3516      0x31d ./Drivers/STM32L4xx_HAL_Driver/Src/stm32l4xx_hal_cortex.o
                                      0xece60 (size before relaxing)
 .debug_str     0x00000000000f3833      0x104 ./Drivers/STM32L4xx_HAL_Driver/Src/stm32l4xx_hal_gpio.o
                                      0xec731 (size before relaxing)
 .debug_str     0x00000000000f3937      0xd8d ./Drivers/STM32L4xx_HAL_Driver/Src/stm32l4xx_hal_i2c.o
                                      0xed7ae (size before relaxing)
 .debug_str     0x00000000000f46c4      0x4df ./Drivers/STM32L4xx_HAL_Driver/Src/stm32l4xx_hal_pwr_ex.o
                                      0xecb06 (size before relaxing)
 .debug_str     0x00000000000f4ba3      0x3a1 ./Drivers/STM32L4xx_HAL_Driver/Src/stm32l4xx_hal_rcc.o
                                      0xecc04 (size before relaxing)
 .debug_str     0x00000000000f4f44      0x5a0 ./Drivers/STM32L4xx_HAL_Driver/Src/stm32l4xx_hal_rcc_ex.o
                                      0xecf9f (size before relaxing)

.comment        0x0000000000000000       0x50
 .comment       0x0000000000000000       0x50 ./Core/BSP/mfxstm32l152.o
                                         0x51 (size before relaxing)
 .comment       0x0000000000000050       0x51 ./Core/BSP/stm32l496g_discovery.o
 .comment       0x0000000000000050       0x51 ./Core/BSP/stm32l496g_discovery_io.o
 .comment       0x0000000000000050       0x51 ./Core/Src/main.o
 .comment       0x0000000000000050       0x51 ./Core/Src/stm32l4xx_hal_msp.o
 .comment       0x0000000000000050       0x51 ./Core/Src/stm32l4xx_it.o
 .comment       0x0000000000000050       0x51 ./Core/Src/system_stm32l4xx.o
 .comment       0x0000000000000050       0x51 ./Drivers/STM32L4xx_HAL_Driver/Src/stm32l4xx_hal.o
 .comment       0x0000000000000050       0x51 ./Drivers/STM32L4xx_HAL_Driver/Src/stm32l4xx_hal_cortex.o
 .comment       0x0000000000000050       0x51 ./Drivers/STM32L4xx_HAL_Driver/Src/stm32l4xx_hal_gpio.o
 .comment       0x0000000000000050       0x51 ./Drivers/STM32L4xx_HAL_Driver/Src/stm32l4xx_hal_i2c.o
 .comment       0x0000000000000050       0x51 ./Drivers/STM32L4xx_HAL_Driver/Src/stm32l4xx_hal_pwr_ex.o
 .comment       0x0000000000000050       0x51 ./Drivers/STM32L4xx_HAL_Driver/Src/stm32l4xx_hal_rcc.o
 .comment       0x0000000000000050       0x51 ./Drivers/STM32L4xx_HAL_Driver/Src/stm32l4xx_hal_rcc_ex.o

.debug_frame    0x0000000000000000     0x32e4
 .debug_frame   0x0000000000000000      0x7e8 ./Core/BSP/mfxstm32l152.o
 .debug_frame   0x00000000000007e8      0x558 ./Core/BSP/stm32l496g_discovery.o
 .debug_frame   0x0000000000000d40      0x10c ./Core/BSP/stm32l496g_discovery_io.o
 .debug_frame   0x0000000000000e4c       0x68 ./Core/Src/main.o
 .debug_frame   0x0000000000000eb4       0x38 ./Core/Src/stm32l4xx_hal_msp.o
 .debug_frame   0x0000000000000eec      0x104 ./Core/Src/stm32l4xx_it.o
 .debug_frame   0x0000000000000ff0       0x58 ./Core/Src/system_stm32l4xx.o
 .debug_frame   0x0000000000001048      0x498 ./Drivers/STM32L4xx_HAL_Driver/Src/stm32l4xx_hal.o
 .debug_frame   0x00000000000014e0      0x498 ./Drivers/STM32L4xx_HAL_Driver/Src/stm32l4xx_hal_cortex.o
 .debug_frame   0x0000000000001978      0x14c ./Drivers/STM32L4xx_HAL_Driver/Src/stm32l4xx_hal_gpio.o
 .debug_frame   0x0000000000001ac4      0xc38 ./Drivers/STM32L4xx_HAL_Driver/Src/stm32l4xx_hal_i2c.o
 .debug_frame   0x00000000000026fc      0x544 ./Drivers/STM32L4xx_HAL_Driver/Src/stm32l4xx_hal_pwr_ex.o
 .debug_frame   0x0000000000002c40      0x21c ./Drivers/STM32L4xx_HAL_Driver/Src/stm32l4xx_hal_rcc.o
 .debug_frame   0x0000000000002e5c      0x43c ./Drivers/STM32L4xx_HAL_Driver/Src/stm32l4xx_hal_rcc_ex.o
 .debug_frame   0x0000000000003298       0x2c c:/st/stm32cubeide_1.9.0/stm32cubeide/plugins/com.st.stm32cube.ide.mcu.externaltools.gnu-tools-for-stm32.10.3-2021.10.win32_1.0.0.202111181127/tools/bin/../lib/gcc/arm-none-eabi/10.3.1/../../../../arm-none-eabi/lib/thumb/v7e-m+fp/hard\libc_nano.a(lib_a-init.o)
 .debug_frame   0x00000000000032c4       0x20 c:/st/stm32cubeide_1.9.0/stm32cubeide/plugins/com.st.stm32cube.ide.mcu.externaltools.gnu-tools-for-stm32.10.3-2021.10.win32_1.0.0.202111181127/tools/bin/../lib/gcc/arm-none-eabi/10.3.1/../../../../arm-none-eabi/lib/thumb/v7e-m+fp/hard\libc_nano.a(lib_a-memset.o)
